0 info it worked if it ends with ok
1 verbose cli [
1 verbose cli   '/usr/local/bin/node',
1 verbose cli   '/home/adeyinkaazeez53/Vidomina/vidomina/node_modules/.bin/npm',
1 verbose cli   'run',
1 verbose cli   'dev'
1 verbose cli ]
2 info using npm@2.15.12
3 info using node@v22.14.0
4 verbose run-script [ 'predev', 'dev', 'postdev' ]
5 info predev theme@3.8.0
6 info dev theme@3.8.0
7 verbose unsafe-perm in lifecycle true
8 info theme@3.8.0 Failed to exec dev script
9 verbose stack Error: theme@3.8.0 dev: `cross-env NODE_ENV=development tailwindcss --postcss -i ./src/styles.css -o ../static/css/dist/styles.css -w`
9 verbose stack Exit status 1
9 verbose stack     at EventEmitter.<anonymous> (/home/adeyinkaazeez53/Vidomina/vidomina/node_modules/npm/lib/utils/lifecycle.js:217:16)
9 verbose stack     at EventEmitter.emit (node:events:518:28)
9 verbose stack     at ChildProcess.<anonymous> (/home/adeyinkaazeez53/Vidomina/vidomina/node_modules/npm/lib/utils/spawn.js:24:14)
9 verbose stack     at ChildProcess.emit (node:events:518:28)
9 verbose stack     at maybeClose (node:internal/child_process:1101:16)
9 verbose stack     at ChildProcess._handle.onexit (node:internal/child_process:304:5)
10 verbose pkgid theme@3.8.0
11 verbose cwd /home/adeyinkaazeez53/Vidomina/vidomina/theme/static_src
12 error Linux 5.15.167.4-microsoft-standard-WSL2
13 error argv "/usr/local/bin/node" "/home/adeyinkaazeez53/Vidomina/vidomina/node_modules/.bin/npm" "run" "dev"
14 error node v22.14.0
15 error npm  v2.15.12
16 error code ELIFECYCLE
17 error theme@3.8.0 dev: `cross-env NODE_ENV=development tailwindcss --postcss -i ./src/styles.css -o ../static/css/dist/styles.css -w`
17 error Exit status 1
18 error Failed at the theme@3.8.0 dev script 'cross-env NODE_ENV=development tailwindcss --postcss -i ./src/styles.css -o ../static/css/dist/styles.css -w'.
18 error This is most likely a problem with the theme package,
18 error not with npm itself.
18 error Tell the author that this fails on your system:
18 error     cross-env NODE_ENV=development tailwindcss --postcss -i ./src/styles.css -o ../static/css/dist/styles.css -w
18 error You can get information on how to open an issue for this project with:
18 error     npm bugs theme
18 error Or if that isn't available, you can get their info via:
18 error
18 error     npm owner ls theme
18 error There is likely additional logging output above.
19 verbose exit [ 1, true ]
